---
source: crates/fresh-editor/tests/common/visual_testing.rs
assertion_line: 69
expression: "&screen_text"
---
 File   Edit   View   Selection   Go   LSP   Help                                                                       
 file1.rs ×                                                                                                         □ × 
    1 │ // File 1 - Contains a very long line that will require horizontal scrolling to see the end of it completely wh 
▾   2 │ fn main() {                                                                                                     
    3 │     let very_long_variable_name_that_extends_beyond_normal_view = "This is a string with a lot of content that  
    4 │     println!("{}", very_long_variable_name_that_extends_beyond_normal_view);                                    
    5 │ }                                                                                                               
    6 │                                                                                                                 
~                                                                                                                       
~                                                                                                                       
~                                                                                                                       
~                                                                                                                       
~                                                                                                                       
~                                                                                                                       
~                                                                                                                       
────────────────────────────────────────────────────────────────────────────────────────────────────────────────────────
 file1.rs ×   file2.rs* ×                                                                                           □ × 
    1 │                                                                                                                 
▾   2 │ fn helper() {                                                                                                   
    3 │     let x = 42;                                                                                                 
    4 │     let y = x * 2;                                                                                              
    5 │     println!("Result: {}", y);                                                                                  
┌──────────────────────────────────────────────────────────────────────────────────────────────────────────────────────┐
│  Plugin Demo: Open Help                        Open the editor help page (uses built-in action)               welcome│
│  Show Signature Help                           Show function parameter hints                                  builtin│
│  Shell Command (Replace)         Alt+Shift+|   Run shell command on buffer/selection, replace con...          builtin│
│  Search and Replace in Project                 Search and replace text across all git-tracked files    search_replace│
└──────────────────────────────────────────────────────────────────────────────────────────────────────────────────────┘
  file  |  >command  |  :line  |  #buffer                                                                               
>help
