---
source: crates/fresh-editor/tests/common/visual_testing.rs
assertion_line: 69
expression: "&screen_text"
---
 File   Edit   View   Selection   Go   LSP   Help                                                                       
 file1.rs ×                                                                                                         □ × 
    1 │ // File 1 - Contains a very long line that will require horizontal scrolling to see the end of it completely wh 
▾   2 │ fn main() {                                                                                                     
    3 │     let very_long_variable_name_that_extends_beyond_normal_view = "This is a string with a lot of content that  
    4 │     println!("{}", very_long_variable_name_that_extends_beyond_normal_view);                                    
    5 │ }                                                                                                               
    6 │                                                                                                                 
~                                                                                                                       
~                                                                                                                       
~                                                                                                                       
~                                                                                                                       
~                                                                                                                       
~                                                                                                                       
~                                                                                                                       
────────────────────────────────────────────────────────────────────────────────────────────────────────────────────────
┌──────────────────────────────────────────────────────────────────────────────────────────────────────────────────────┐
│  Plugin Demo: Open Help                             Open the editor help page (uses built-in action)          welcome│
│  Show Signature Help                                Show function parameter hints                             builtin│
│  Shell Command (Replace)              Alt+Shift+|   Run shell command on buffer/selection, replac...          builtin│
│  Search and Replace in Project                      Search and replace text across all git-tracke...   search_replace│
│  Show Manual                          F1            Open the help manual                                      builtin│
│  Git Log: Close                                     Close the git log panel                                   git_log│
│  Toggle Inlay Hints                                 Show or hide LSP inlay hints (type hints, par...          builtin│
│  Start/Restart LSP Server                           Start or restart the LSP server for the curre...          builtin│
│  Git Blame: Close                                   Close the git blame panel                               git_blame│
│  Next Split                           Alt+]         Move focus to the next split pane                         builtin│
└──────────────────────────────────────────────────────────────────────────────────────────────────────────────────────┘
  file  |  >command  |  :line  |  #buffer                                                                               
>help
