---
source: tests/common/visual_testing.rs
expression: "&screen_text"
---
 File   Edit   View   Selection   Go   Help                                     
 [No Name]                                                                      
    1 │                                                                        █
                                                                               █
                                                                               █
                                                                               █
                                                                               █
                                                                               █
                                                                               █
                                                                               █
                                                                               █
                                                                               █
                                                                               █
                                                                               █
                                                                               █
                                                                               █
                                                                               █
                                                                               █
                                                                               █
┌──────────────────────────────────────────────────────────────────────────────┐
│  Show Help                              Display the help page with all key...│
│  Show Signature Help  Ctrl+Shift+Space  Show function parameter hints        │
└──────────────────────────────────────────────────────────────────────────────┘
Command: help
