---
source: tests/common/visual_testing.rs
expression: "&screen_text"
---
 hello.rs   hello.py   hello.js   hello.ts   hello.html   hello.css   hello.c   
    1 │ #include <iostream>                                                    █
    2 │ #include <string>                                                      █
    3 │                                                                        █
    4 │ void greet(const std::string& name) {                                  █
    5 │     std::cout << "Hello, " << name << "!" << std::endl;                █
    6 │ }                                                                      █
    7 │                                                                        █
    8 │ int main() {                                                           █
    9 │     greet("World");                                                    █
   10 │     return 0;                                                          █
   11 │ }                                                                      █
                                                                               █
                                                                               █
                                                                               █
                                                                               █
                                                                               █
                                                                               █
                                                                               █
                                                                               █
                                                                               █
                                                                               █
                                                                               █
                                                                               █
                                                                               █
                                                                               █
                                                                               █
                                                                               █
                                                                               █
hello.cpp | Ln 0, Col 0 | Opened hello.cpp                         Help: Ctrl+/
