---
source: tests/common/visual_testing.rs
expression: "&screen_text"
---
┌ File Explorer ───────┐ [No Name]                                              
│▼ project_root        │    1 │                                                █
│  ▼ src               │                                                       █
│      main.rs         │                                                       █
│    README.md         │                                                       █
│                      │                                                       █
│                      │                                                       █
│                      │                                                       █
│                      │                                                       █
│                      │                                                       █
│                      │                                                       █
│                      │                                                       █
│                      │                                                       █
│                      │                                                       █
│                      │                                                       █
│                      │                                                       █
│                      │                                                       █
│                      │                                                       █
│                      │                                                       █
│                      │                                                       █
│                      │                                                       █
│                      │                                                       █
│                      │                                                       █
│                      │                                                       █
│                      │                                                       █
│                      │                                                       █
│                      │                                                       █
│                      │                                                       █
└──────────────────────┘                                                       █
[No Name] | Ln 0, Col 0 | Expanded: src                            Help: Ctrl+/
