---
source: tests/common/visual_testing.rs
expression: "&screen_text"
---
 File   Edit   View   Selection   Go   Help                                     
 /tmp/fresh-test-BIG.txt                                                        
     19 │ @00001440: xxxxxxxxxxxxxxxxxxxxxxxxxxxxxxxxxxxxxxxxxxxxxxxxxxxxxxxxx █
          xxxxxxxxxxx                                                          │
     21 │ @00001520: xxxxxxxxxxxxxxxxxxxxxxxxxxxxxxxxxxxxxxxxxxxxxxxxxxxxxxxxx │
          xxxxxxxxxxx                                                          │
     23 │ @00001600: xxxxxxxxxxxxxxxxxxxxxxxxxxxxxxxxxxxxxxxxxxxxxxxxxxxxxxxxx │
          xxxxxxxxxxx                                                          │
     25 │ @00001680: xxxxxxxxxxxxxxxxxxxxxxxxxxxxxxxxxxxxxxxxxxxxxxxxxxxxxxxxx │
          xxxxxxxxxxx                                                          │
     27 │ @00001760: xxxxxxxxxxxxxxxxxxxxxxxxxxxxxxxxxxxxxxxxxxxxxxxxxxxxxxxxx │
          xxxxxxxxxxx                                                          │
     29 │ @00001840: xxxxxxxxxxxxxxxxxxxxxxxxxxxxxxxxxxxxxxxxxxxxxxxxxxxxxxxxx │
          xxxxxxxxxxx                                                          │
     31 │ @00001920: xxxxxxxxxxxxxxxxxxxxxxxxxxxxxxxxxxxxxxxxxxxxxxxxxxxxxxxxx │
          xxxxxxxxxxx                                                          │
     33 │ @00002000: xxxxxxxxxxxxxxxxxxxxxxxxxxxxxxxxxxxxxxxxxxxxxxxxxxxxxxxxx │
          xxxxxxxxxxx                                                          │
     35 │ @00002080: xxxxxxxxxxxxxxxxxxxxxxxxxxxxxxxxxxxxxxxxxxxxxxxxxxxxxxxxx │
          xxxxxxxxxxx                                                          │
     37 │ @00002160: xxxxxxxxxxxxxxxxxxxxxxxxxxxxxxxxxxxxxxxxxxxxxxxxxxxxxxxxx │
          xxxxxxxxxxx                                                          │
     39 │ @00002240: xxxxxxxxxxxxxxxxxxxxxxxxxxxxxxxxxxxxxxxxxxxxxxxxxxxxxxxxx │
/tmp/fresh-test-BIG.txt | Ln 25, Col 0 | Opened /tmp/fresh-tes...  Help: Ctrl+/
