---
source: tests/common/visual_testing.rs
expression: "&screen_text"
---
 File   Edit   View   Selection   Go   Help                                     
 fresh-test-BIG.txt                                                             
      1 │ @00000000:                                                           █
        │ xxxxxxxxxxxxxxxxxxxxxxxxxxxxxxxxxxxxxxxxxxxxxxxxxxxxxxxxxxxxxxxxxxxx │
      2 │ @00000080:                                                           │
        │ xxxxxxxxxxxxxxxxxxxxxxxxxxxxxxxxxxxxxxxxxxxxxxxxxxxxxxxxxxxxxxxxxxxx │
      3 │ @00000160:                                                           │
        │ xxxxxxxxxxxxxxxxxxxxxxxxxxxxxxxxxxxxxxxxxxxxxxxxxxxxxxxxxxxxxxxxxxxx │
      4 │ @00000240:                                                           │
        │ xxxxxxxxxxxxxxxxxxxxxxxxxxxxxxxxxxxxxxxxxxxxxxxxxxxxxxxxxxxxxxxxxxxx │
      5 │ @00000320:                                                           │
        │ xxxxxxxxxxxxxxxxxxxxxxxxxxxxxxxxxxxxxxxxxxxxxxxxxxxxxxxxxxxxxxxxxxxx │
      6 │ @00000400:                                                           │
        │ xxxxxxxxxxxxxxxxxxxxxxxxxxxxxxxxxxxxxxxxxxxxxxxxxxxxxxxxxxxxxxxxxxxx │
      7 │ @00000480:                                                           │
        │ xxxxxxxxxxxxxxxxxxxxxxxxxxxxxxxxxxxxxxxxxxxxxxxxxxxxxxxxxxxxxxxxxxxx │
      8 │ @00000560:                                                           │
        │ xxxxxxxxxxxxxxxxxxxxxxxxxxxxxxxxxxxxxxxxxxxxxxxxxxxxxxxxxxxxxxxxxxxx │
      9 │ @00000640:                                                           │
        │ xxxxxxxxxxxxxxxxxxxxxxxxxxxxxxxxxxxxxxxxxxxxxxxxxxxxxxxxxxxxxxxxxxxx │
     10 │ @00000720:                                                           │
        │ xxxxxxxxxxxxxxxxxxxxxxxxxxxxxxxxxxxxxxxxxxxxxxxxxxxxxxxxxxxxxxxxxxxx │
/tmp/fresh-test-BIG.txt | Ln 5, Col 0 | Opened /tmp/fresh-t...  Palette: Ctrl+P
