---
source: tests/common/visual_testing.rs
expression: "&screen_text"
---
 File   Edit   View   Selection   Go   Help                                     
 hello.rs   hello.py   hello.js   hello.ts                                      
    1 │ // TypeScript highlighting test                                        █
    2 │ interface User {                                                       █
    3 │     name: string;                                                      █
    4 │     age: number;                                                       █
    5 │     readonly id: string;                                               █
    6 │ }                                                                      █
    7 │                                                                        █
    8 │ type Status = "active" | "inactive";                                   █
    9 │                                                                        █
   10 │ class UserManager {                                                    █
   11 │     private users: Map<string, User> = new Map();                      █
   12 │                                                                        █
   13 │     constructor(public readonly serviceName: string) {}                █
   14 │                                                                        █
   15 │     async addUser(user: User): Promise<void> {                         █
   16 │         this.users.set(user.id, user);                                 │
   17 │         console.log(`Added user: ${user.name}`);                       │
   18 │     }                                                                  │
   19 │                                                                        │
   20 │     getUser(id: string): User | undefined {                            │
   21 │         return this.users.get(id);                                     │
   22 │     }                                                                  │
   23 │ }                                                                      │
   24 │                                                                        │
   25 │ // Generic function                                                    │
   26 │ function identity<T>(arg: T): T {                                      │
   27 │     return arg;                                                        │
hello.ts | Ln 0, Col 0 | Opened hello.ts                           Help: Ctrl+/
