---
source: tests/common/visual_testing.rs
expression: "&screen_text"
---
 [No Name]*                                                                     
   2│fn calculate(amount: i32) -> i32 {                                        █
   3│    let result = amount * 2;                                              █
   4│    println!("Value: {}", amount);                                        █
   5│    result                                                                █
   6│}                                                                         █
                                                                               █
                                                                               █
                                                                               █
                                                                               █
                                                                               █
                                                                               █
                                                                               █
                                                                               █
                                                                               █
                                                                               █
                                                                               █
                                                                               █
                                                                               █
                                                                               █
                                                                               █
                                                                               █
                                                                               █
                                                                               │
                                                                               │
                                                                               │
                                                                               │
                                                                               │
                                                                               │
[No Name] [+] | Ln 5, Col 0 | Cannot rename in unsaved buffer
