---
source: tests/common/visual_testing.rs
expression: "&screen_text"
---
 hello.rs   hello.py   hello.js   hello.ts   hello.html   hello.css   hello.c   
    1 │ using System;                                                          █
    2 │                                                                        █
    3 │ class Hello {                                                          █
    4 │     static void Main() {                                               █
    5 │         Console.WriteLine("Hello, World!");                            █
    6 │     }                                                                  █
    7 │ }                                                                      █
                                                                               █
                                                                               █
                                                                               █
                                                                               █
                                                                               █
                                                                               █
                                                                               █
                                                                               █
                                                                               █
                                                                               █
                                                                               █
                                                                               █
                                                                               █
                                                                               █
                                                                               █
                                                                               █
                                                                               █
                                                                               █
                                                                               █
                                                                               █
                                                                               █
hello.cs | Ln 0, Col 0 | Opened hello.cs                           Help: Ctrl+/
