---
source: tests/common/visual_testing.rs
expression: "&screen_text"
---
 File   Edit   View   Selection   Go   Help                                     
 [No Name]*   ┌──────────────────────────────────────┐                          
    1 │ Hello,│ Toggle File Explorer           Ctrl+B│                         █
              │ ─────────────────────────────────────│                         █
              │ Split Horizontal                Alt+H│                         █
              │ Split Vertical                  Alt+V│                         █
              │ Close Split                     Alt+X│                         █
              │ Focus Next Split                     │                         █
              └──────────────────────────────────────┘                         █
                                                                               █
                                                                               █
                                                                               █
                                                                               █
                                                                               █
                                                                               █
                                                                               █
                                                                               █
                                                                               █
                                                                               █
                                                                               █
                                                                               █
                                                                               █
                                                                               █
[No Name] [+] | Ln 0, Col 13                                       Help: Ctrl+/
