---
source: tests/common/visual_testing.rs
expression: "&screen_text"
---
 File   Edit   View   Selection   Go   Help                                     
 [No Name]*                      ┌────────────────────────────────────┐         
    1 │ Hello, World!            │ Go to Definition                   │        █
                                 │ Go to Line...                      │        █
                                 │ Command Palette...                 │        █
                                 └────────────────────────────────────┘        █
                                                                               █
                                                                               █
                                                                               █
                                                                               █
                                                                               █
                                                                               █
                                                                               █
                                                                               █
                                                                               █
                                                                               █
                                                                               █
                                                                               █
                                                                               █
                                                                               █
                                                                               █
                                                                               █
                                                                               █
[No Name] [+] | Ln 0, Col 13                                       Help: Ctrl+/
