---
source: tests/common/visual_testing.rs
expression: "&screen_text"
---
 File   Edit   View   Selection   Go   Help                 
 [No Name]*                                                 
    1 │ This is a very long line of text that will         █
      │ definitely exceed the terminal width and should    █
      │ wrap to multiple lines when line wrapping is       █
      │ enabled.                                           █
    2 │ Second extremely long line with even more text to  █
      │ demonstrate that multiple lines can be wrapped at  █
      │ the same time without any issues in the rendering  █
      │ system.                                            █
    3 │ fn                                                 █
      │ very_long_function_name_with_many_parameters(param1█
      │ : String, param2: i32, param3: bool, param4:       █
      │ Vec<String>) -> Result<String, Error> {            █
~                                                          █
~                                                          █
~                                                          █
~                                                          █
~                                                          █
~                                                          █
~                                                          █
~                                                          █
[No Name] [+] | Ln 2, Col 138               Palette: Ctrl+P
