---
source: tests/common/visual_testing.rs
expression: "&screen_text"
---
 file1.txt                                                                                                              
    1 │ Content of file 1                                                                                              █
                                                                                                                       █
                                                                                                                       █
                                                                                                                       █
                                                                                                                       █
                                                                                                                       █
                                                                                                                       █
                                                                                                                       █
                                                                                                                       █
                                                                                                                       █
                                                                                                                       █
                                                                                                                       █
                                                                                                                       █
                                                                                                                       █
                                                                                                                       █
                                                                                                                       █
                                                                                                                       █
                                                                                                                       █
                                                                                                                       █
                                                                                                                       █
                                                                                                                       █
                                                                                                                       █
                                                                                                                       │
                                                                                                                       │
                                                                                                                       │
                                                                                                                       │
                                                                                                                       │
                                                                                                                       │
/tmp/editor-test-visual-split-view/file1.txt | Ln 0, Col 0 | Opened /tmp/editor-test-visual-split-view/file1.txt
