---
source: tests/common/visual_testing.rs
expression: "&screen_text"
---
 File   Edit   View   Selection   Go   Help                                     
 [No Name]                                                                      
    1 │                                                                        █
                                                                               █
                                                                               █
                                                                               █
                                                                               █
                                                                               █
                                                                               █
                                                                               █
                                                                               █
┌──────────────────────────────────────────────────────────────────────────────┐
│  Add Cursor Above          Ctrl+Alt+↑  Add a cursor on the line above        │
│  Add Cursor Below          Ctrl+Alt+↓  Add a cursor on the line below        │
│  Add Cursor at Next Match  Ctrl+D        Add a cursor at the next occurren...│
│  Close Buffer                            Close the current buffer            │
│  Close Split                             Close the current split pane        │
│  Code Actions                            Show available code actions (quic...│
│  Copy                      Ctrl+C        Copy selection to clipboard         │
│  Cut                       Ctrl+X        Cut selection to clipboard          │
│  Decrease Split Size                     Decrease the size of the current ...│
│  Dedent Selection          Shift+Tab     Decrease indentation of selected ...│
[No Name] | Ln 0, Col 0                                         Palette: Ctrl+P 
Command:
