---
source: tests/common/visual_testing.rs
expression: "&screen_text"
---
 File   Edit   View   Selection   Go   Help                                     
┌──────────────────────────────┐                                                
│ New File                     │                                               █
│ Open File...                 │                                               █
│ ─────────────────────────────│                                               █
│ Save                   Ctrl+S│                                               █
│ Save As...                   │                                               █
│ ─────────────────────────────│                                               █
│ Close Buffer                 │                                               █
│ Quit                   Ctrl+Q│                                               █
└──────────────────────────────┘                                               █
                                                                               █
                                                                               █
                                                                               █
                                                                               █
                                                                               █
                                                                               █
                                                                               █
                                                                               █
                                                                               █
                                                                               █
                                                                               █
                                                                               █
[No Name] [+] | Ln 0, Col 13                                       Help: Ctrl+/
