---
source: tests/common/visual_testing.rs
expression: "&screen_text"
---
 hello.rs   hello.py   hello.js   hello.ts   hello.html   hello.css   hello.c   
    1 │ #!/bin/bash                                                            █
    2 │                                                                        █
    3 │ function greet() {                                                     █
    4 │     echo "Hello, $1!"                                                  █
    5 │ }                                                                      █
    6 │                                                                        █
    7 │ MESSAGE="World"                                                        █
    8 │ greet "$MESSAGE"                                                       █
                                                                               █
                                                                               █
                                                                               █
                                                                               █
                                                                               █
                                                                               █
                                                                               █
                                                                               █
                                                                               █
                                                                               █
                                                                               █
                                                                               █
                                                                               █
                                                                               █
                                                                               █
                                                                               █
                                                                               █
                                                                               █
                                                                               █
                                                                               █
hello.sh | Ln 0, Col 0 | Opened hello.sh                           Help: Ctrl+/
