---
source: tests/common/visual_testing.rs
expression: "&screen_text"
---
 [No Name]*                                                                     
    1 │ hello                                                                  █
    2 │ hello                                                                  █
    3 │ hello                                                                  █
                                                                               █
                                                                               █
                                                                               █
                                                                               █
                                                                               █
                                                                               █
                                                                               █
                                                                               █
                                                                               █
                                                                               █
                                                                               █
                                                                               █
                                                                               █
                                                                               █
                                                                               │
                                                                               │
                                                                               │
                                                                               │
                                                                               │
[No Name] [+] | Ln 0, Col 5 | 2 cursors | Added cursor at match (2)
