---
source: tests/common/visual_testing.rs
expression: "&screen_text"
---
 file1.txt   file2.txt                                                                                                  
    1 │ Content of file 2                                                                                              █
                                                                                                                       █
                                                                                                                       █
                                                                                                                       █
                                                                                                                       █
                                                                                                                       █
                                                                                                                       █
                                                                                                                       █
                                                                                                                       █
                                                                                                                       █
                                                                                                                       █
                                                                                                                       █
                                                                                                                       █
                                                                                                                       █
────────────────────────────────────────────────────────────────────────────────────────────────────────────────────────
    1 │ Content of file 2                                                                                              █
                                                                                                                       █
                                                                                                                       █
                                                                                                                       █
                                                                                                                       █
                                                                                                                       █
                                                                                                                       █
                                                                                                                       █
                                                                                                                       █
                                                                                                                       █
                                                                                                                       █
                                                                                                                       █
                                                                                                                       █
file2.txt | Ln 0, Col 0 | Opened file2.txt                                                                 Help: Ctrl+/
