---
source: tests/common/visual_testing.rs
expression: "&screen_text"
---
 [No Name]*                                                 
    1 │ This is a very long line of text that will definit █
        ely exceed the terminal width and should w         █
        rap to multiple lines when line wrapping i         █
        s enabled.                                         █
    5 │ Second extremely long line with even more text to  █
        demonstrate that multiple lines can be wra         █
        pped at the same time without any issues i         █
        n the rendering system.                            █
                                                           █
                                                           █
                                                           █
                                                           █
                                                           █
                                                           █
                                                           █
                                                           █
                                                           █
                                                           │
                                                           │
                                                           │
                                                           │
                                                           │
[No Name] [+] | Ln 1, Col 157
