---
source: tests/common/visual_testing.rs
assertion_line: 69
expression: "&screen_text"
---
 File   Edit   View   Selection   Go   Help                 
 [No Name]*                                                 
    1 │ This is a very long line of text that will         █
      │ definitely exceed the terminal width and should    █
      │ wrap to multiple lines when line wrapping is       █
      │ enabled.                                           █
    2 │ Second extremely long line with even more text to  █
      │ demonstrate that multiple lines can be wrapped at  █
      │ the same time without any issues in the rendering  █
      │ system.                                            █
~                                                          █
~                                                          █
~                                                          █
~                                                          █
~                                                          █
~                                                          █
~                                                          █
~                                                          █
~                                                          █
~                                                          █
~                                                          █
~                                                          █
[No Name] [+] | Ln 1, Col 157               Palette: Ctrl+P
