---
source: tests/common/visual_testing.rs
expression: "&screen_text"
---
 File   Edit   View   Selection   Go   Help                                     
 /tmp/fresh-test-BIG.txt                                                        
     43 │ @00003360: xxxxxxxxxxxxxxxxxxxxxxxxxxxxxxxxxxxxxxxxxxxxxxxxxxxxxxxxx █
          xxxxxxxxxxx                                                          │
     45 │ @00003440: xxxxxxxxxxxxxxxxxxxxxxxxxxxxxxxxxxxxxxxxxxxxxxxxxxxxxxxxx │
          xxxxxxxxxxx                                                          │
     47 │ @00003520: xxxxxxxxxxxxxxxxxxxxxxxxxxxxxxxxxxxxxxxxxxxxxxxxxxxxxxxxx │
          xxxxxxxxxxx                                                          │
     49 │ @00003600: xxxxxxxxxxxxxxxxxxxxxxxxxxxxxxxxxxxxxxxxxxxxxxxxxxxxxxxxx │
          xxxxxxxxxxx                                                          │
     51 │ @00003680: xxxxxxxxxxxxxxxxxxxxxxxxxxxxxxxxxxxxxxxxxxxxxxxxxxxxxxxxx │
          xxxxxxxxxxx                                                          │
     53 │ @00003760: xxxxxxxxxxxxxxxxxxxxxxxxxxxxxxxxxxxxxxxxxxxxxxxxxxxxxxxxx │
          xxxxxxxxxxx                                                          │
     55 │ @00003840: xxxxxxxxxxxxxxxxxxxxxxxxxxxxxxxxxxxxxxxxxxxxxxxxxxxxxxxxx │
          xxxxxxxxxxx                                                          │
     57 │ @00003920: xxxxxxxxxxxxxxxxxxxxxxxxxxxxxxxxxxxxxxxxxxxxxxxxxxxxxxxxx │
          xxxxxxxxxxx                                                          │
     59 │ @00004000: xxxxxxxxxxxxxxxxxxxxxxxxxxxxxxxxxxxxxxxxxxxxxxxxxxxxxxxxx │
          xxxxxxxxxxx                                                          │
     61 │ @00004080: xxxxxxxxxxxxxxxxxxxxxxxxxxxxxxxxxxxxxxxxxxxxxxxxxxxxxxxxx │
          xxxxxxxxxxx                                                          │
     63 │ @00004160: xxxxxxxxxxxxxxxxxxxxxxxxxxxxxxxxxxxxxxxxxxxxxxxxxxxxxxxxx │
/tmp/fresh-test-BIG.txt | Ln 50, Col 0 | Opened /tmp/fresh-tes...  Help: Ctrl+/
