---
source: tests/common/visual_testing.rs
expression: "&screen_text"
---
 File   Edit   View   Selection   Go   Help                                     
 [No Na┌────────────────────────────┐                                           
    1 ││ Undo                 Ctrl+Z│                                          █
       │ Redo                 Ctrl+Y│                                          █
       │ ───────────────────────────│                                          █
       │ Cut                  Ctrl+X│                                          █
       │ Copy                 Ctrl+C│                                          █
       │ Paste                Ctrl+V│                                          █
       │ ───────────────────────────│                                          █
       │ Select All           Ctrl+A│                                          █
       │ ───────────────────────────│                                          █
       │ Find...                    │                                          █
       │ Replace...                 │                                          █
       └────────────────────────────┘                                          █
                                                                               █
                                                                               █
                                                                               █
                                                                               █
                                                                               █
                                                                               █
                                                                               █
                                                                               █
                                                                               █
[No Name] [+] | Ln 0, Col 13                                       Help: Ctrl+/
