---
source: tests/common/visual_testing.rs
expression: "&screen_text"
---
 hello.rs   hello.py   hello.js   hello.ts   hello.html   hello.css   hello.c   
    1 │ <?php                                                                  █
    2 │ echo "Hello, World!";                                                  █
    3 │ $message = "Welcome to PHP";                                           █
    4 │ function greet($name) {                                                █
    5 │     return "Hello, " . $name;                                          █
    6 │ }                                                                      █
    7 │ ?>                                                                     █
                                                                               █
                                                                               █
                                                                               █
                                                                               █
                                                                               █
                                                                               █
                                                                               █
                                                                               █
                                                                               █
                                                                               █
                                                                               █
                                                                               █
                                                                               █
                                                                               █
                                                                               █
                                                                               █
                                                                               █
                                                                               █
                                                                               █
                                                                               █
                                                                               █
hello.php | Ln 0, Col 0 | Opened hello.php                         Help: Ctrl+/
