---
source: tests/common/visual_testing.rs
expression: "&screen_text"
---
 hello.rs   hello.py   hello.js   hello.ts   hello.html   hello.css   hello.c   
    1 │ package main                                                           █
    2 │                                                                        █
    3 │ import "fmt"                                                           █
    4 │                                                                        █
    5 │ func greet(name string) string {                                       █
    6 │     return fmt.Sprintf("Hello, %s!", name)                             █
    7 │ }                                                                      █
    8 │                                                                        █
    9 │ func main() {                                                          █
   10 │     message := greet("World")                                          █
   11 │     fmt.Println(message)                                               █
   12 │ }                                                                      █
                                                                               █
                                                                               █
                                                                               █
                                                                               █
                                                                               █
                                                                               █
                                                                               █
                                                                               █
                                                                               █
                                                                               █
                                                                               █
                                                                               █
                                                                               █
                                                                               █
                                                                               █
                                                                               █
hello.go | Ln 0, Col 0 | Opened hello.go                           Help: Ctrl+/
