---
source: tests/common/visual_testing.rs
expression: "&screen_text"
---
 File   Edit   View   Selection   Go   Help                                     
 fresh-test-BIG.txt*                                                            
     25 │ @00001920:                                                           █
        │ xxxxxxxxxxxxxxxxxxxxxxxxxxxxxxxxxxxxxxxxxxxxxxxxxxxxxxxxxxxxxxxxxxxx │
     26 │ @00002000:                                                           │
        │ xxxxxxxxxxxxxxxxxxxxxxxxxxxxxxxxxxxxxxxxxxxxxxxxxxxxxxxxxxxxxxxxxxxx │
     27 │ @00002080:                                                           │
        │ xxxxxxxxxxxxxxxxxxxxxxxxxxxxxxxxxxxxxxxxxxxxxxxxxxxxxxxxxxxxxxxxxxxx │
     28 │ @00002160:                                                           │
        │ xxxxxxxxxxxxxxxxxxxxxxxxxxxxxxxxxxxxxxxxxxxxxxxxxxxxxxxxxxxxxxxxxxxx │
     29 │ @00002240:                                                           │
        │ xxxxxxxxxxxxxxxxxxxxxxxxxxxxxxxxxxxxxxxxxxxxxxxxxxxxxxxxxxxxxxxxxxxx │
     30 │ @00002320:                                                           │
        │ xxxxxxxxxxxxxxxxxxxxxxxxxxxxxxxxxxxxxxxxxxxxxxxxxxxxxxxxxxxxxxxxxxxx │
     31 │ @0000WORLD2400:                                                      │
        │ xxxxxxxxxxxxxxxxxxxxxxxxxxxxxxxxxxxxxxxxxxxxxxxxxxxxxxxxxxxxxxxxxxxx │
     32 │ @00002480:                                                           │
        │ xxxxxxxxxxxxxxxxxxxxxxxxxxxxxxxxxxxxxxxxxxxxxxxxxxxxxxxxxxxxxxxxxxxx │
     33 │ @00002560:                                                           │
        │ xxxxxxxxxxxxxxxxxxxxxxxxxxxxxxxxxxxxxxxxxxxxxxxxxxxxxxxxxxxxxxxxxxxx │
     34 │ @00002640:                                                           │
        │ xxxxxxxxxxxxxxxxxxxxxxxxxxxxxxxxxxxxxxxxxxxxxxxxxxxxxxxxxxxxxxxxxxxx │
/tmp/fresh-test-BIG.txt [+] | Ln 30, Col 10 | Opened /tmp/f...  Palette: Ctrl+P
