---
source: tests/common/visual_testing.rs
expression: "&screen_text"
---
 hello.rs   hello.py   hello.js   hello.ts                                      
    1 │ function greet(name: string): string {                                 █
    2 │     return `Hello, ${name}!`;                                          █
    3 │ }                                                                      █
    4 │                                                                        █
    5 │ const message: string = greet("World");                                █
    6 │ console.log(message);                                                  █
                                                                               █
                                                                               █
                                                                               █
                                                                               █
                                                                               █
                                                                               █
                                                                               █
                                                                               █
                                                                               █
                                                                               █
                                                                               █
                                                                               █
                                                                               █
                                                                               █
                                                                               █
                                                                               █
                                                                               █
                                                                               █
                                                                               █
                                                                               █
                                                                               █
                                                                               █
/tmp/.tmpGQA08P/project_root/hello.ts | Ln 0, Col 0 | Opened /tmp/.tmpGQA08P/pro
