---
source: tests/common/visual_testing.rs
expression: "&screen_text"
---
 hello.rs   hello.py   hello.js   hello.ts   hello.html                         
    1 │ <!DOCTYPE html>                                                        █
    2 │ <html lang="en">                                                       █
    3 │ <head>                                                                 █
    4 │     <meta charset="UTF-8">                                             █
    5 │     <title>Hello World</title>                                         █
    6 │ </head>                                                                █
    7 │ <body>                                                                 █
    8 │     <h1>Hello, World!</h1>                                             █
    9 │     <p class="message">Welcome</p>                                     █
   10 │ </body>                                                                █
   11 │ </html>                                                                █
                                                                               █
                                                                               █
                                                                               █
                                                                               █
                                                                               █
                                                                               █
                                                                               █
                                                                               █
                                                                               █
                                                                               █
                                                                               █
                                                                               █
                                                                               █
                                                                               █
                                                                               █
                                                                               █
                                                                               █
hello.html | Ln 0, Col 0 | Opened hello.html                       Help: Ctrl+/
