---
source: tests/common/visual_testing.rs
expression: "&screen_text"
---
 hello.rs   hello.py   hello.js   hello.ts   hello.html   hello.css             
    1 │ .message {                                                             █
    2 │     color: blue;                                                       █
    3 │     font-size: 16px;                                                   █
    4 │     margin: 10px;                                                      █
    5 │ }                                                                      █
    6 │                                                                        █
    7 │ h1 {                                                                   █
    8 │     color: red;                                                        █
    9 │ }                                                                      █
                                                                               █
                                                                               █
                                                                               █
                                                                               █
                                                                               █
                                                                               █
                                                                               █
                                                                               █
                                                                               █
                                                                               █
                                                                               █
                                                                               █
                                                                               █
                                                                               █
                                                                               █
                                                                               █
                                                                               █
                                                                               █
                                                                               █
hello.css | Ln 0, Col 0 | Opened hello.css                         Help: Ctrl+/
